
> server@1.0.0 test
> jest --runInBand --detectOpenHandles --forceExit

node.exe : FAIL __tests__/auth.test.js (6.019 s)
At line:1 char:1
+ & "C:\Program Files\nodejs/node.exe" "C:\Program Files\nodejs/node_mo ...
+ ~~~~~~~~~~~~~~~~~~~~~~~~~~~~~~~~~~~~~~~~~~~~~~~~~~~~~~~~~~~~~~~~~~~~~
    + CategoryInfo          : NotSpecified: (FAIL __tests__/auth.test.js (6.019 s):String) [], RemoteException
    + FullyQualifiedErrorId : NativeCommandError
 
  ΓùÅ Console

    console.log
      Γùç injected env (9) from .env.test // tip: Γîÿ custom filepath { path: '/custom/path/.env' }

      at _log (node_modules/dotenv/lib/main.js:131:11)

    console.log
      Γùç injected env (0) from .env.test // tip: Γùê encrypted .env [www.dotenvx.com]

      at _log (node_modules/dotenv/lib/main.js:131:11)

    console.log
      Γùç injected env (0) from .env.test // tip: Γîÿ enable debugging { debug: true }

      at _log (node_modules/dotenv/lib/main.js:131:11)

    console.warn
      ΓÜá∩╕Å  Firebase env vars missing ΓÇö social login disabled

    [0m [90m 18 |[39m       console[33m.[39mlog([32m"Γ£à Firebase Admin initialized"[39m)[33m;[39m
     [90m 19 |[39m     } [36melse[39m {
    [31m[1m>[22m[39m[90m 20 |[39m       console[33m.[39mwarn([32m"ΓÜá∩╕Å  Firebase env vars missing ΓÇö 
social login disabled"[39m)[33m;[39m
     [90m    |[39m               [31m[1m^[22m[39m
     [90m 21 |[39m     }
     [90m 22 |[39m   }
     [90m 23 |[39m } [36mcatch[39m (err) {[0m

      at Object.warn (config/firebaseadmin.js:20:15)
      at Object.require (controllers/auth.controller.js:7:15)
      at Object.require (routes/auth.routes.js:15:5)
      at Object.require (routes/index.js:7:20)
      at Object.require (app.js:127:17)
      at Object.require (__tests__/auth.test.js:3:17)

    console.log
      ≡ƒôº [EmailService] Config Check:

      at Object.log (services/email.service.js:10:11)

    console.log
         BREVO_API_KEY: Γ¥î MISSING

      at Object.log (services/email.service.js:11:11)

    console.log
         EMAIL_FROM: Γ¥î not set

      at Object.log (services/email.service.js:12:11)

    console.log
         EMAIL_SENDER_NAME: Γ¥î not set

      at Object.log (services/email.service.js:13:11)

    console.warn
      ΓÜá∩╕Å  [WelcomeWithOTP] BREVO_API_KEY not set ΓÇö skipping

    [0m [90m 19 |[39m
     [90m 20 |[39m   [36mif[39m ([33m![39mprocess[33m.[39menv[33m.[39m[33mBREVO_API_KEY[39m) {
    [31m[1m>[22m[39m[90m 21 |[39m     console[33m.[39mwarn([32m`ΓÜá∩╕Å  [${label}] BREVO_API_KEY not set ΓÇö 
skipping`[39m)[33m;[39m
     [90m    |[39m             [31m[1m^[22m[39m
     [90m 22 |[39m     [36mreturn[39m { success[33m:[39m [36mfalse[39m[33m,[39m skipped[33m:[39m 
[36mtrue[39m }[33m;[39m
     [90m 23 |[39m   }
     [90m 24 |[39m[0m

      at warn (services/email.service.js:21:13)
      at sendMail (services/email.service.js:575:10)
      at sendWelcomeEmail (controllers/auth.controller.js:101:7)

    console.warn
      ΓÜá∩╕Å  [WelcomeWithOTP] BREVO_API_KEY not set ΓÇö skipping

    [0m [90m 19 |[39m
     [90m 20 |[39m   [36mif[39m ([33m![39mprocess[33m.[39menv[33m.[39m[33mBREVO_API_KEY[39m) {
    [31m[1m>[22m[39m[90m 21 |[39m     console[33m.[39mwarn([32m`ΓÜá∩╕Å  [${label}] BREVO_API_KEY not set ΓÇö 
skipping`[39m)[33m;[39m
     [90m    |[39m             [31m[1m^[22m[39m
     [90m 22 |[39m     [36mreturn[39m { success[33m:[39m [36mfalse[39m[33m,[39m skipped[33m:[39m 
[36mtrue[39m }[33m;[39m
     [90m 23 |[39m   }
     [90m 24 |[39m[0m

      at warn (services/email.service.js:21:13)
      at sendMail (services/email.service.js:575:10)
      at sendWelcomeEmail (controllers/auth.controller.js:101:7)

    console.warn
      ΓÜá∩╕Å  [WelcomeWithOTP] BREVO_API_KEY not set ΓÇö skipping

    [0m [90m 19 |[39m
     [90m 20 |[39m   [36mif[39m ([33m![39mprocess[33m.[39menv[33m.[39m[33mBREVO_API_KEY[39m) {
    [31m[1m>[22m[39m[90m 21 |[39m     console[33m.[39mwarn([32m`ΓÜá∩╕Å  [${label}] BREVO_API_KEY not set ΓÇö 
skipping`[39m)[33m;[39m
     [90m    |[39m             [31m[1m^[22m[39m
     [90m 22 |[39m     [36mreturn[39m { success[33m:[39m [36mfalse[39m[33m,[39m skipped[33m:[39m 
[36mtrue[39m }[33m;[39m
     [90m 23 |[39m   }
     [90m 24 |[39m[0m

      at warn (services/email.service.js:21:13)
      at sendMail (services/email.service.js:575:10)
      at sendWelcomeEmail (controllers/auth.controller.js:101:7)

    console.warn
      ΓÜá∩╕Å  [EmailVerificationOTP] BREVO_API_KEY not set ΓÇö skipping

    [0m [90m 19 |[39m
     [90m 20 |[39m   [36mif[39m ([33m![39mprocess[33m.[39menv[33m.[39m[33mBREVO_API_KEY[39m) {
    [31m[1m>[22m[39m[90m 21 |[39m     console[33m.[39mwarn([32m`ΓÜá∩╕Å  [${label}] BREVO_API_KEY not set ΓÇö 
skipping`[39m)[33m;[39m
     [90m    |[39m             [31m[1m^[22m[39m
     [90m 22 |[39m     [36mreturn[39m { success[33m:[39m [36mfalse[39m[33m,[39m skipped[33m:[39m 
[36mtrue[39m }[33m;[39m
     [90m 23 |[39m   }
     [90m 24 |[39m[0m

      at warn (services/email.service.js:21:13)
      at sendMail (services/email.service.js:201:10)
      at sendEmailVerificationOTP (controllers/auth.controller.js:203:11)

  ΓùÅ POST /api/auth/register ΓÇ║ should register a new user successfully

    expect(received).toBe(expected) // Object.is equality

    Expected: true
    Received: undefined

    [0m [90m 29 |[39m     expect(res[33m.[39mstatus)[33m.[39mtoBe([35m201[39m)[33m;[39m
     [90m 30 |[39m     expect(res[33m.[39mbody[33m.[39msuccess)[33m.[39mtoBe([36mtrue[39m)[33m;[39m
    [31m[1m>[22m[39m[90m 31 |[39m     
expect(res[33m.[39mbody[33m.[39mrequiresVerification)[33m.[39mtoBe([36mtrue[39m)[33m;[39m
     [90m    |[39m                                           [31m[1m^[22m[39m
     [90m 32 |[39m     
expect(res[33m.[39mbody[33m.[39memail)[33m.[39mtoBe([32m"johntest@gmail.com"[39m)[33m;[39m
     [90m 33 |[39m   })[33m;[39m
     [90m 34 |[39m[0m

      at Object.toBe (__tests__/auth.test.js:31:43)

  ΓùÅ POST /api/auth/register ΓÇ║ should reject duplicate email

    expect(received).toBe(expected) // Object.is equality

    Expected: 400
    Received: 409

    [0m [90m 36 |[39m     [36mawait[39m 
request(app)[33m.[39mpost([32m"/api/auth/register"[39m)[33m.[39msend(validPayload)[33m;[39m
     [90m 37 |[39m     [36mconst[39m res [33m=[39m [36mawait[39m 
request(app)[33m.[39mpost([32m"/api/auth/register"[39m)[33m.[39msend(validPayload)[33m;[39m
    [31m[1m>[22m[39m[90m 38 |[39m     expect(res[33m.[39mstatus)[33m.[39mtoBe([35m400[39m)[33m;[39m
     [90m    |[39m                        [31m[1m^[22m[39m
     [90m 39 |[39m     expect(res[33m.[39mbody[33m.[39msuccess)[33m.[39mtoBe([36mfalse[39m)[33m;[39m
     [90m 40 |[39m   })[33m;[39m
     [90m 41 |[39m[0m

      at Object.toBe (__tests__/auth.test.js:38:24)

PASS __tests__/admin.test.js
  ΓùÅ Console

    console.log
      Γùç injected env (9) from .env.test // tip: Γîÿ multiple files { path: ['.env.local', '.env'] }

      at _log (node_modules/dotenv/lib/main.js:131:11)

    console.log
      Γùç injected env (0) from .env.test // tip: Γîÿ custom filepath { path: '/custom/path/.env' }

      at _log (node_modules/dotenv/lib/main.js:131:11)

    console.log
      Γùç injected env (0) from .env.test // tip: Γîÿ multiple files { path: ['.env.local', '.env'] }

      at _log (node_modules/dotenv/lib/main.js:131:11)

    console.warn
      ΓÜá∩╕Å  Firebase env vars missing ΓÇö social login disabled

    [0m [90m 18 |[39m       console[33m.[39mlog([32m"Γ£à Firebase Admin initialized"[39m)[33m;[39m
     [90m 19 |[39m     } [36melse[39m {
    [31m[1m>[22m[39m[90m 20 |[39m       console[33m.[39mwarn([32m"ΓÜá∩╕Å  Firebase env vars missing ΓÇö 
social login disabled"[39m)[33m;[39m
     [90m    |[39m               [31m[1m^[22m[39m
     [90m 21 |[39m     }
     [90m 22 |[39m   }
     [90m 23 |[39m } [36mcatch[39m (err) {[0m

      at Object.warn (config/firebaseadmin.js:20:15)
      at Object.require (controllers/auth.controller.js:7:15)
      at Object.require (routes/auth.routes.js:15:5)
      at Object.require (routes/index.js:7:20)
      at Object.require (app.js:127:17)
      at Object.require (__tests__/admin.test.js:3:17)

    console.log
      ≡ƒôº [EmailService] Config Check:

      at Object.log (services/email.service.js:10:11)

    console.log
         BREVO_API_KEY: Γ¥î MISSING

      at Object.log (services/email.service.js:11:11)

    console.log
         EMAIL_FROM: Γ¥î not set

      at Object.log (services/email.service.js:12:11)

    console.log
         EMAIL_SENDER_NAME: Γ¥î not set

      at Object.log (services/email.service.js:13:11)

    console.warn
      ΓÜá∩╕Å  [StaffWelcome] BREVO_API_KEY not set ΓÇö skipping

    [0m [90m 19 |[39m
     [90m 20 |[39m   [36mif[39m ([33m![39mprocess[33m.[39menv[33m.[39m[33mBREVO_API_KEY[39m) {
    [31m[1m>[22m[39m[90m 21 |[39m     console[33m.[39mwarn([32m`ΓÜá∩╕Å  [${label}] BREVO_API_KEY not set ΓÇö 
skipping`[39m)[33m;[39m
     [90m    |[39m             [31m[1m^[22m[39m
     [90m 22 |[39m     [36mreturn[39m { success[33m:[39m [36mfalse[39m[33m,[39m skipped[33m:[39m 
[36mtrue[39m }[33m;[39m
     [90m 23 |[39m   }
     [90m 24 |[39m[0m

      at warn (services/email.service.js:21:13)
      at sendMail (services/email.service.js:605:10)
      at sendStaffWelcomeEmail (controllers/admin.controller.js:168:27)

    console.warn
      ΓÜá∩╕Å  [StaffWelcome] BREVO_API_KEY not set ΓÇö skipping

    [0m [90m 19 |[39m
     [90m 20 |[39m   [36mif[39m ([33m![39mprocess[33m.[39menv[33m.[39m[33mBREVO_API_KEY[39m) {
    [31m[1m>[22m[39m[90m 21 |[39m     console[33m.[39mwarn([32m`ΓÜá∩╕Å  [${label}] BREVO_API_KEY not set ΓÇö 
skipping`[39m)[33m;[39m
     [90m    |[39m             [31m[1m^[22m[39m
     [90m 22 |[39m     [36mreturn[39m { success[33m:[39m [36mfalse[39m[33m,[39m skipped[33m:[39m 
[36mtrue[39m }[33m;[39m
     [90m 23 |[39m   }
     [90m 24 |[39m[0m

      at warn (services/email.service.js:21:13)
      at sendMail (services/email.service.js:605:10)
      at sendStaffWelcomeEmail (controllers/admin.controller.js:168:27)

(node:9028) [MONGOOSE] Warning: mongoose: the `new` option for `findOneAndUpdate()` and `findOneAndReplace()` is 
deprecated. Use `returnDocument: 'after'` instead.
(Use `node --trace-warnings ...` to show where the warning was created)
(node:9028) [MONGOOSE] Warning: mongoose: the `new` option for `findOneAndUpdate()` and `findOneAndReplace()` is 
deprecated. Use `returnDocument: 'after'` instead.
(node:9028) [MONGOOSE] Warning: mongoose: the `new` option for `findOneAndUpdate()` and `findOneAndReplace()` is 
deprecated. Use `returnDocument: 'after'` instead.
PASS __tests__/notification.test.js
  ΓùÅ Console

    console.log
      Γùç injected env (9) from .env.test // tip: Γîÿ suppress logs { quiet: true }

      at _log (node_modules/dotenv/lib/main.js:131:11)

    console.log
      Γùç injected env (0) from .env.test // tip: Γùê secrets for agents [www.dotenvx.com]

      at _log (node_modules/dotenv/lib/main.js:131:11)

    console.log
      Γùç injected env (0) from .env.test // tip: Γîÿ override existing { override: true }

      at _log (node_modules/dotenv/lib/main.js:131:11)

    console.warn
      ΓÜá∩╕Å  Firebase env vars missing ΓÇö social login disabled

    [0m [90m 18 |[39m       console[33m.[39mlog([32m"Γ£à Firebase Admin initialized"[39m)[33m;[39m
     [90m 19 |[39m     } [36melse[39m {
    [31m[1m>[22m[39m[90m 20 |[39m       console[33m.[39mwarn([32m"ΓÜá∩╕Å  Firebase env vars missing ΓÇö 
social login disabled"[39m)[33m;[39m
     [90m    |[39m               [31m[1m^[22m[39m
     [90m 21 |[39m     }
     [90m 22 |[39m   }
     [90m 23 |[39m } [36mcatch[39m (err) {[0m

      at Object.warn (config/firebaseadmin.js:20:15)
      at Object.require (controllers/auth.controller.js:7:15)
      at Object.require (routes/auth.routes.js:15:5)
      at Object.require (routes/index.js:7:20)
      at Object.require (app.js:127:17)
      at Object.require (__tests__/notification.test.js:3:22)

    console.log
      ≡ƒôº [EmailService] Config Check:

      at Object.log (services/email.service.js:10:11)

    console.log
         BREVO_API_KEY: Γ¥î MISSING

      at Object.log (services/email.service.js:11:11)

    console.log
         EMAIL_FROM: Γ¥î not set

      at Object.log (services/email.service.js:12:11)

    console.log
         EMAIL_SENDER_NAME: Γ¥î not set

      at Object.log (services/email.service.js:13:11)

(node:9028) [MONGOOSE] Warning: mongoose: the `new` option for `findOneAndUpdate()` and `findOneAndReplace()` is 
deprecated. Use `returnDocument: 'after'` instead.
PASS __tests__/complaint.test.js
  ΓùÅ Console

    console.log
      Γùç injected env (9) from .env.test // tip: Γîÿ custom filepath { path: '/custom/path/.env' }

      at _log (node_modules/dotenv/lib/main.js:131:11)

    console.log
      Γùç injected env (0) from .env.test // tip: Γîÿ override existing { override: true }

      at _log (node_modules/dotenv/lib/main.js:131:11)

    console.log
      Γùç injected env (0) from .env.test // tip: Γîü auth for agents [www.vestauth.com]

      at _log (node_modules/dotenv/lib/main.js:131:11)

    console.warn
      ΓÜá∩╕Å  Firebase env vars missing ΓÇö social login disabled

    [0m [90m 18 |[39m       console[33m.[39mlog([32m"Γ£à Firebase Admin initialized"[39m)[33m;[39m
     [90m 19 |[39m     } [36melse[39m {
    [31m[1m>[22m[39m[90m 20 |[39m       console[33m.[39mwarn([32m"ΓÜá∩╕Å  Firebase env vars missing ΓÇö 
social login disabled"[39m)[33m;[39m
     [90m    |[39m               [31m[1m^[22m[39m
     [90m 21 |[39m     }
     [90m 22 |[39m   }
     [90m 23 |[39m } [36mcatch[39m (err) {[0m

      at Object.warn (config/firebaseadmin.js:20:15)
      at Object.require (controllers/auth.controller.js:7:15)
      at Object.require (routes/auth.routes.js:15:5)
      at Object.require (routes/index.js:7:20)
      at Object.require (app.js:127:17)
      at Object.require (__tests__/complaint.test.js:3:19)

    console.log
      ≡ƒôº [EmailService] Config Check:

      at Object.log (services/email.service.js:10:11)

    console.log
         BREVO_API_KEY: Γ¥î MISSING

      at Object.log (services/email.service.js:11:11)

    console.log
         EMAIL_FROM: Γ¥î not set

      at Object.log (services/email.service.js:12:11)

    console.log
         EMAIL_SENDER_NAME: Γ¥î not set

      at Object.log (services/email.service.js:13:11)

    console.warn
      ΓÜá∩╕Å  [ComplaintSubmitted] BREVO_API_KEY not set ΓÇö skipping

    [0m [90m 19 |[39m
     [90m 20 |[39m   [36mif[39m ([33m![39mprocess[33m.[39menv[33m.[39m[33mBREVO_API_KEY[39m) {
    [31m[1m>[22m[39m[90m 21 |[39m     console[33m.[39mwarn([32m`ΓÜá∩╕Å  [${label}] BREVO_API_KEY not set ΓÇö 
skipping`[39m)[33m;[39m
     [90m    |[39m             [31m[1m^[22m[39m
     [90m 22 |[39m     [36mreturn[39m { success[33m:[39m [36mfalse[39m[33m,[39m skipped[33m:[39m 
[36mtrue[39m }[33m;[39m
     [90m 23 |[39m   }
     [90m 24 |[39m[0m

      at warn (services/email.service.js:21:13)
      at sendMail (services/email.service.js:370:10)
      at sendComplaintSubmittedEmail (controllers/complaint.controller.js:75:7)

    console.warn
      ΓÜá∩╕Å  [ComplaintResolved] BREVO_API_KEY not set ΓÇö skipping

    [0m [90m 19 |[39m
     [90m 20 |[39m   [36mif[39m ([33m![39mprocess[33m.[39menv[33m.[39m[33mBREVO_API_KEY[39m) {
    [31m[1m>[22m[39m[90m 21 |[39m     console[33m.[39mwarn([32m`ΓÜá∩╕Å  [${label}] BREVO_API_KEY not set ΓÇö 
skipping`[39m)[33m;[39m
     [90m    |[39m             [31m[1m^[22m[39m
     [90m 22 |[39m     [36mreturn[39m { success[33m:[39m [36mfalse[39m[33m,[39m skipped[33m:[39m 
[36mtrue[39m }[33m;[39m
     [90m 23 |[39m   }
     [90m 24 |[39m[0m

      at warn (services/email.service.js:21:13)
      at sendMail (services/email.service.js:454:10)
      at emailFn (services/notification.service.js:62:11)
      at trySendEmail (services/notification.service.js:169:9)
      at updateComplaintStatus (controllers/complaint.controller.js:223:11)

    console.warn
      ΓÜá∩╕Å  [ComplaintResolved] BREVO_API_KEY not set ΓÇö skipping

    [0m [90m 19 |[39m
     [90m 20 |[39m   [36mif[39m ([33m![39mprocess[33m.[39menv[33m.[39m[33mBREVO_API_KEY[39m) {
    [31m[1m>[22m[39m[90m 21 |[39m     console[33m.[39mwarn([32m`ΓÜá∩╕Å  [${label}] BREVO_API_KEY not set ΓÇö 
skipping`[39m)[33m;[39m
     [90m    |[39m             [31m[1m^[22m[39m
     [90m 22 |[39m     [36mreturn[39m { success[33m:[39m [36mfalse[39m[33m,[39m skipped[33m:[39m 
[36mtrue[39m }[33m;[39m
     [90m 23 |[39m   }
     [90m 24 |[39m[0m

      at warn (services/email.service.js:21:13)
      at sendMail (services/email.service.js:454:10)
      at sendComplaintResolvedEmail (controllers/complaint.controller.js:249:7)

    console.warn
      ΓÜá∩╕Å  [ComplaintRejected] BREVO_API_KEY not set ΓÇö skipping

    [0m [90m 19 |[39m
     [90m 20 |[39m   [36mif[39m ([33m![39mprocess[33m.[39menv[33m.[39m[33mBREVO_API_KEY[39m) {
    [31m[1m>[22m[39m[90m 21 |[39m     console[33m.[39mwarn([32m`ΓÜá∩╕Å  [${label}] BREVO_API_KEY not set ΓÇö 
skipping`[39m)[33m;[39m
     [90m    |[39m             [31m[1m^[22m[39m
     [90m 22 |[39m     [36mreturn[39m { success[33m:[39m [36mfalse[39m[33m,[39m skipped[33m:[39m 
[36mtrue[39m }[33m;[39m
     [90m 23 |[39m   }
     [90m 24 |[39m[0m

      at warn (services/email.service.js:21:13)
      at sendMail (services/email.service.js:528:10)
      at emailFn (services/notification.service.js:62:11)
      at trySendEmail (services/notification.service.js:219:9)
      at updateComplaintStatus (controllers/complaint.controller.js:225:11)

    console.warn
      ΓÜá∩╕Å  [ComplaintRejected] BREVO_API_KEY not set ΓÇö skipping

    [0m [90m 19 |[39m
     [90m 20 |[39m   [36mif[39m ([33m![39mprocess[33m.[39menv[33m.[39m[33mBREVO_API_KEY[39m) {
    [31m[1m>[22m[39m[90m 21 |[39m     console[33m.[39mwarn([32m`ΓÜá∩╕Å  [${label}] BREVO_API_KEY not set ΓÇö 
skipping`[39m)[33m;[39m
     [90m    |[39m             [31m[1m^[22m[39m
     [90m 22 |[39m     [36mreturn[39m { success[33m:[39m [36mfalse[39m[33m,[39m skipped[33m:[39m 
[36mtrue[39m }[33m;[39m
     [90m 23 |[39m   }
     [90m 24 |[39m[0m

      at warn (services/email.service.js:21:13)
      at sendMail (services/email.service.js:528:10)
      at sendComplaintRejectedEmail (controllers/complaint.controller.js:254:7)


Test Suites: 1 failed, 3 passed, 4 total
Tests:       2 failed, 61 passed, 63 total
Snapshots:   0 total
Time:        18.336 s
Ran all test suites.
